// 同步 ID: fd16caf5 @ Tue Jul 21 01:05:26 UTC 2026
// 同步 ID: 91069778 @ Tue Jul 21 17:18:24 UTC 2026
// 同步 ID: 9a6f0b68 @ Wed Jul 22 01:31:05 UTC 2026
// 同步 ID: e7d5ec4c @ Wed Jul 22 05:45:19 UTC 2026
// 同步 ID: 3cbd9c6b @ Wed Jul 22 13:10:38 UTC 2026
// 同步 ID: fa907ae1 @ Thu Jul 23 12:55:33 UTC 2026
// 重构日志: 87201b50
// 重构日志: 9b22aed6
// 重构日志: aa9d5635
// 同步 ID: 02137538 @ Fri Jul 24 20:25:06 UTC 2026
// 同步 ID: bbe419c5 @ Sat Jul 25 01:30:36 UTC 2026
// 重构日志: 0519ceb3
// 重构日志: e9c44bb2
// 同步 ID: 5cdcc075 @ Sat Jul 25 16:19:44 UTC 2026
// 同步 ID: 86460c7e @ Sat Jul 25 18:28:55 UTC 2026
// 重构日志: 8a084c47
// 重构日志: 258f8f7d
// 重构日志: e7d8ade5
// 重构日志: 9386137d
// 同步 ID: 4f54dc7e @ Mon Jul 27 12:47:40 UTC 2026
// 重构日志: 55c16f85
// 同步 ID: 1be2fe94 @ Wed Jul 29 12:02:09 UTC 2026
// 同步 ID: 7a55dc43 @ Wed Jul 29 13:22:51 UTC 2026
// 重构日志: a4c9f61f
// 同步 ID: 3c3b3061 @ Thu Jul 30 17:10:29 UTC 2026
// 同步 ID: 01b9a169 @ Fri Jul 31 11:28:42 UTC 2026
// 同步 ID: 6dc37278 @ Sat Aug  1 01:15:31 UTC 2026
// 同步 ID: 141e9c57 @ Sat Aug  1 05:55:41 UTC 2026
// 重构日志: e1066051
// 同步 ID: 5b1e88eb @ Tue Aug  4 04:32:45 UTC 2026
